python : INFO:orchestrator_test:Using OPENAI_API_KEY: sk-p************
**********************************************************************
**********************************************************************
****ImIA
At line:1 char:1
+ python -m tests.test_orchestrator_sql_workflow > test_output.log 
2>&1
+ 
~~~~~~~~~~~~~~~~~~~~~~~~~~~~~~~~~~~~~~~~~~~~~~~~~~~~~~~~~~~~~~~~~~~~~
    + CategoryInfo          : NotSpecified: (INFO:orchestrat...****** 
   *****ImIA:String) [], RemoteException
    + FullyQualifiedErrorId : NativeCommandError
 
C:\Users\barry\CascadeProjects\Agent9-HERMES\tests\test_orchestrator_s
ql_workflow.py:94: DeprecationWarning: There is no current event loop
  loop = asyncio.get_event_loop()
INFO:src.agents.a9_llm_service_agent:Using openai API key: sk-p*******
**********************************************************************
**********************************************************************
*********ImIA
INFO:src.agents.a9_llm_service_agent:Initializing LLM service for 
provider: openai
INFO:src.agents.a9_llm_service_agent:Service config: {'model_name': 
'gpt-4-turbo', 'api_key': 'sk-proj-c42t3iyzAr57JoiIvrQ3OEXCalT7HdxFOrt
jixiInJKtIGb1mUA-cbBBS1RWLEepoqqtT4_ThJT3BlbkFJ7Mo5-3rdFv1GMR_CmG_apPN
GKknmEF2WZ7HxEPsj_Dt7stU9XB_M3OJ54kKT8DCLHjygMLImIA', 
'api_key_env_var': 'OPENAI_API_KEY', 'max_tokens': 4096, 
'temperature': 0.7, 'guardrails_path': 
'src/guardrails/cascade_guardrails.yaml', 'prompt_templates_path': 
'src/prompt_templates/cascade_prompt_templates.md', 
'system_prompt_override': None}
INFO:src.agents.a9_llm_service_agent:Initializing OpenAI service with 
config...
INFO:src.llm_services.openai_service:Direct API key present: True
INFO:src.llm_services.openai_service:Initializing OpenAI client with 
API key: sk-p*********************************************************
**********************************************************************
*****************************ImIA
INFO:src.llm_services.openai_service:OpenAI client initialized 
successfully
ERROR:src.llm_services.openai_service:Error loading guardrails from 
src/guardrails/cascade_guardrails.yaml: 2 validation errors for 
GuardrailConfig
required_behaviors.1.recommendation
  Input should be a valid string [type=string_type, input_value=True, 
input_type=bool]
    For further information visit 
https://errors.pydantic.dev/2.11/v/string_type
required_behaviors.2.recommendation
  Input should be a valid string [type=string_type, input_value=True, 
input_type=bool]
    For further information visit 
https://errors.pydantic.dev/2.11/v/string_type
INFO:src.llm_services.openai_service:Loaded 0 prompt templates from 
src/prompt_templates/cascade_prompt_templates.md
INFO:src.llm_services.openai_service:OpenAI Service initialized with 
model gpt-4-turbo
INFO:src.llm_services.openai_service:Created OpenAI service with 
factory function
INFO:src.agents.a9_llm_service_agent:OpenAI service initialized 
successfully: True
INFO:src.agents.a9_llm_service_agent:A9_LLM_Service_Agent initialized 
with openai provider
C:\Users\barry\CascadeProjects\Agent9-HERMES\tests\test_orchestrator_s
ql_workflow.py:99: PydanticDeprecatedSince20: The `dict` method is 
deprecated; use `model_dump` instead. Deprecated in Pydantic V2.0 to 
be removed in V3.0. See Pydantic V2 Migration Guide at 
https://errors.pydantic.dev/2.11/migration/
  self.data_product_config.dict(), logger
INFO:orchestrator_test:Creating new A9_Data_Product_MCP_Service_Agent 
instance
INFO:orchestrator_test:Data Product MCP Service Agent initialized 
with data_directory: C:/Users/barry/Documents/Agent 9/SAP DataSphere D
ata/datasphere-content-1.7/datasphere-content-1.7/SAP_Sample_Content/C
SV/FI
INFO:orchestrator_test:Performing async initialization for Data 
Product MCP Service Agent
INFO:orchestrator_test:DuckDB connection initialized successfully
INFO:orchestrator_test:Loading registry data from files and star 
schema contract
ERROR:orchestrator_test:Error loading star schema contract: No module 
named 'aiofiles'
INFO:orchestrator_test:Using default data products instead
WARNING:orchestrator_test:No data products found in contract, using 
default data products
INFO:orchestrator_test:Found 2 data products
INFO:orchestrator_test:Registry loaded successfully in 0.00 seconds
INFO:orchestrator_test:Registry keys: ['data_products', 'kpis', 
'relationships', 'business_terms', 'views']
INFO:orchestrator_test:Data products DataFrame shape: (2, 4)
INFO:orchestrator_test:Registry data loaded successfully in 0.00s
INFO:orchestrator_test:Loaded FI star schema with 2 data products and 
0 KPIs
INFO:orchestrator_test:Data Product MCP Service Agent initialized 
with 2 data products
INFO:orchestrator_test:Async initialization for Data Product MCP 
Service Agent completed successfully
C:\Users\barry\CascadeProjects\Agent9-HERMES\tests\test_orchestrator_s
ql_workflow.py:119: DeprecationWarning: There is no current event loop
  loop = asyncio.get_event_loop()
INFO:orchestrator_test:[TXN:5bdbb59b-d59d-423a-b86d-0024757221c9] 
Registering CSV files from C:/Users/barry/Documents/Agent 9/SAP 
DataSphere Data/datasphere-content-1.7/datasphere-content-1.7/SAP_Samp
le_Content/CSV/FI
INFO:orchestrator_test:[TXN:5bdbb59b-d59d-423a-b86d-0024757221c9] 
Created schema 'sap' if it didn't exist
INFO:orchestrator_test:[TXN:5bdbb59b-d59d-423a-b86d-0024757221c9] 
Found 22 CSV files in C:/Users/barry/Documents/Agent 9/SAP DataSphere 
Data/datasphere-content-1.7/datasphere-content-1.7/SAP_Sample_Content/
CSV/FI
INFO:orchestrator_test:[TXN:5bdbb59b-d59d-423a-b86d-0024757221c9] 
Creating table sap.Customer from Customer.csv
INFO:orchestrator_test:[TXN:5bdbb59b-d59d-423a-b86d-0024757221c9] 
Successfully created table sap.Customer
INFO:orchestrator_test:[TXN:5bdbb59b-d59d-423a-b86d-0024757221c9] 
Creating table sap.CustomersHierarchy from CustomersHierarchy.csv
INFO:orchestrator_test:[TXN:5bdbb59b-d59d-423a-b86d-0024757221c9] 
Successfully created table sap.CustomersHierarchy
INFO:orchestrator_test:[TXN:5bdbb59b-d59d-423a-b86d-0024757221c9] 
Creating table sap.CustomerTexts from CustomerTexts.csv
INFO:orchestrator_test:[TXN:5bdbb59b-d59d-423a-b86d-0024757221c9] 
Successfully created table sap.CustomerTexts
INFO:orchestrator_test:[TXN:5bdbb59b-d59d-423a-b86d-0024757221c9] 
Creating table sap.CustomerType from CustomerType.csv
INFO:orchestrator_test:[TXN:5bdbb59b-d59d-423a-b86d-0024757221c9] 
Successfully created table sap.CustomerType
INFO:orchestrator_test:[TXN:5bdbb59b-d59d-423a-b86d-0024757221c9] 
Creating table sap.CustomerTypeTexts from CustomerTypeTexts.csv
INFO:orchestrator_test:[TXN:5bdbb59b-d59d-423a-b86d-0024757221c9] 
Successfully created table sap.CustomerTypeTexts
INFO:orchestrator_test:[TXN:5bdbb59b-d59d-423a-b86d-0024757221c9] 
Creating table sap.FinancialTransactions from 
FinancialTransactions.csv
INFO:orchestrator_test:[TXN:5bdbb59b-d59d-423a-b86d-0024757221c9] 
Successfully created table sap.FinancialTransactions
INFO:orchestrator_test:[TXN:5bdbb59b-d59d-423a-b86d-0024757221c9] 
Creating table sap.FinancialTransactions_origin from 
FinancialTransactions_origin.csv
INFO:orchestrator_test:[TXN:5bdbb59b-d59d-423a-b86d-0024757221c9] 
Successfully created table sap.FinancialTransactions_origin
INFO:orchestrator_test:[TXN:5bdbb59b-d59d-423a-b86d-0024757221c9] 
Creating table sap.GL Accounts from GL Accounts.csv
ERROR:orchestrator_test:[TXN:5bdbb59b-d59d-423a-b86d-0024757221c9] 
Error creating table from GL Accounts.csv: Parser Error: syntax error 
at or near "Accounts"
INFO:orchestrator_test:[TXN:5bdbb59b-d59d-423a-b86d-0024757221c9] 
Retrying table creation with standard format
ERROR:orchestrator_test:[TXN:5bdbb59b-d59d-423a-b86d-0024757221c9] 
Fallback also failed for GL Accounts.csv: Parser Error: syntax error 
at or near "Accounts"
INFO:orchestrator_test:[TXN:5bdbb59b-d59d-423a-b86d-0024757221c9] 
Creating table sap.GLAccounts from GLAccounts.csv
INFO:orchestrator_test:[TXN:5bdbb59b-d59d-423a-b86d-0024757221c9] 
Successfully created table sap.GLAccounts
INFO:orchestrator_test:[TXN:5bdbb59b-d59d-423a-b86d-0024757221c9] 
Creating table sap.GLAccountsHierarchy from GLAccountsHierarchy.csv
INFO:orchestrator_test:[TXN:5bdbb59b-d59d-423a-b86d-0024757221c9] 
Successfully created table sap.GLAccountsHierarchy
INFO:orchestrator_test:[TXN:5bdbb59b-d59d-423a-b86d-0024757221c9] 
Creating table sap.GLAccountsTexts from GLAccountsTexts.csv
INFO:orchestrator_test:[TXN:5bdbb59b-d59d-423a-b86d-0024757221c9] 
Successfully created table sap.GLAccountsTexts
INFO:orchestrator_test:[TXN:5bdbb59b-d59d-423a-b86d-0024757221c9] 
Creating table sap.GLAccountType from GLAccountType.csv
INFO:orchestrator_test:[TXN:5bdbb59b-d59d-423a-b86d-0024757221c9] 
Successfully created table sap.GLAccountType
INFO:orchestrator_test:[TXN:5bdbb59b-d59d-423a-b86d-0024757221c9] 
Creating table sap.GLAccountTypeTexts from GLAccountTypeTexts.csv
INFO:orchestrator_test:[TXN:5bdbb59b-d59d-423a-b86d-0024757221c9] 
Successfully created table sap.GLAccountTypeTexts
INFO:orchestrator_test:[TXN:5bdbb59b-d59d-423a-b86d-0024757221c9] 
Creating table sap.ProductCategories from ProductCategories.csv
INFO:orchestrator_test:[TXN:5bdbb59b-d59d-423a-b86d-0024757221c9] 
Successfully created table sap.ProductCategories
INFO:orchestrator_test:[TXN:5bdbb59b-d59d-423a-b86d-0024757221c9] 
Creating table sap.ProductCategoryTexts from ProductCategoryTexts.csv
INFO:orchestrator_test:[TXN:5bdbb59b-d59d-423a-b86d-0024757221c9] 
Successfully created table sap.ProductCategoryTexts
INFO:orchestrator_test:[TXN:5bdbb59b-d59d-423a-b86d-0024757221c9] 
Creating table sap.ProductHierarchy from ProductHierarchy.csv
INFO:orchestrator_test:[TXN:5bdbb59b-d59d-423a-b86d-0024757221c9] 
Successfully created table sap.ProductHierarchy
INFO:orchestrator_test:[TXN:5bdbb59b-d59d-423a-b86d-0024757221c9] 
Creating table sap.Products from Products.csv
INFO:orchestrator_test:[TXN:5bdbb59b-d59d-423a-b86d-0024757221c9] 
Successfully created table sap.Products
INFO:orchestrator_test:[TXN:5bdbb59b-d59d-423a-b86d-0024757221c9] 
Creating table sap.ProductTexts from ProductTexts.csv
INFO:orchestrator_test:[TXN:5bdbb59b-d59d-423a-b86d-0024757221c9] 
Successfully created table sap.ProductTexts
INFO:orchestrator_test:[TXN:5bdbb59b-d59d-423a-b86d-0024757221c9] 
Creating table sap.ProductTexts_clean from ProductTexts_clean.csv
INFO:orchestrator_test:[TXN:5bdbb59b-d59d-423a-b86d-0024757221c9] 
Successfully created table sap.ProductTexts_clean
INFO:orchestrator_test:[TXN:5bdbb59b-d59d-423a-b86d-0024757221c9] 
Creating table sap.ProfitCenter from ProfitCenter.csv
INFO:orchestrator_test:[TXN:5bdbb59b-d59d-423a-b86d-0024757221c9] 
Successfully created table sap.ProfitCenter
INFO:orchestrator_test:[TXN:5bdbb59b-d59d-423a-b86d-0024757221c9] 
Creating table sap.ProfitCenterHierarchy from 
ProfitCenterHierarchy.csv
INFO:orchestrator_test:[TXN:5bdbb59b-d59d-423a-b86d-0024757221c9] 
Successfully created table sap.ProfitCenterHierarchy
INFO:orchestrator_test:[TXN:5bdbb59b-d59d-423a-b86d-0024757221c9] 
Creating table sap.ProfitCenterTexts from ProfitCenterTexts.csv
INFO:orchestrator_test:[TXN:5bdbb59b-d59d-423a-b86d-0024757221c9] 
Successfully created table sap.ProfitCenterTexts
INFO:orchestrator_test:[TXN:5bdbb59b-d59d-423a-b86d-0024757221c9] CSV 
registration complete: Created 0 schemas, registered 0 files
INFO:orchestrator_test:[TXN:5bdbb59b-d59d-423a-b86d-0024757221c9] 
Available tables after CSV registration: []
INFO:orchestrator_test:[TXN:5bdbb59b-d59d-423a-b86d-0024757221c9] 
Available schemas: [('main',), ('sap',), ('information_schema',), 
('main',), ('pg_catalog',), ('main',)]
WARNING:orchestrator_test:[TXN:5bdbb59b-d59d-423a-b86d-0024757221c9] 
Could not list SAP schema tables: Parser Error: syntax error at or 
near "FROM"
INFO:orchestrator_test:[TXN:5bdbb59b-d59d-423a-b86d-0024757221c9] 
Views after YAML processing: [('system', 'information_schema', 
'character_sets', "CREATE TEMPORARY VIEW 
information_schema.character_sets AS SELECT CAST(NULL AS VARCHAR) AS 
character_set_catalog, CAST(NULL AS VARCHAR) AS character_set_schema, 
'UTF8' AS character_set_name, 'UCS' AS character_repertoire, 'UTF8' 
AS form_of_use, current_database() AS default_collate_catalog, 
'pg_catalog' AS default_collate_schema, 'ucs_basic' AS 
default_collate_name;", 'NONE', 'NO', 'NO', 'NO', 'NO', 'NO'), 
('system', 'information_schema', 'check_constraints', "CREATE 
TEMPORARY VIEW information_schema.check_constraints AS SELECT 
database_name AS constraint_catalog, schema_name AS 
constraint_schema, constraint_name, CASE  WHEN ((constraint_type = 
'NOT NULL')) THEN ((column_name || ' IS NOT NULL')) ELSE 
constraint_text END AS check_clause FROM (SELECT dc.*, 
unnest(dc.constraint_column_names) AS column_name FROM 
duckdb_constraints() AS dc WHERE (constraint_type IN ('CHECK', 'NOT 
NULL')));", 'NONE', 'NO', 'NO', 'NO', 'NO', 'NO'), ('system', 
'information_schema', 'columns', 'CREATE TEMPORARY VIEW 
information_schema."columns" AS SELECT database_name AS 
table_catalog, schema_name AS table_schema, table_name, column_name, 
column_index AS ordinal_position, column_default, CASE  WHEN 
(is_nullable) THEN (\'YES\') ELSE \'NO\' END AS is_nullable, 
data_type, character_maximum_length, CAST(NULL AS INTEGER) AS 
character_octet_length, numeric_precision, numeric_precision_radix, 
numeric_scale, CAST(NULL AS INTEGER) AS datetime_precision, CAST(NULL 
AS VARCHAR) AS interval_type, CAST(NULL AS INTEGER) AS 
interval_precision, CAST(NULL AS VARCHAR) AS character_set_catalog, 
CAST(NULL AS VARCHAR) AS character_set_schema, CAST(NULL AS VARCHAR) 
AS character_set_name, CAST(NULL AS VARCHAR) AS collation_catalog, 
CAST(NULL AS VARCHAR) AS collation_schema, CAST(NULL AS VARCHAR) AS 
collation_name, CAST(NULL AS VARCHAR) AS domain_catalog, CAST(NULL AS 
VARCHAR) AS domain_schema, CAST(NULL AS VARCHAR) AS domain_name, 
CAST(NULL AS VARCHAR) AS udt_catalog, CAST(NULL AS VARCHAR) AS 
udt_schema, CAST(NULL AS VARCHAR) AS udt_name, CAST(NULL AS VARCHAR) 
AS scope_catalog, CAST(NULL AS VARCHAR) AS scope_schema, CAST(NULL AS 
VARCHAR) AS scope_name, CAST(NULL AS BIGINT) AS maximum_cardinality, 
CAST(NULL AS VARCHAR) AS dtd_identifier, CAST(NULL AS BOOLEAN) AS 
is_self_referencing, CAST(NULL AS BOOLEAN) AS is_identity, CAST(NULL 
AS VARCHAR) AS identity_generation, CAST(NULL AS VARCHAR) AS 
identity_start, CAST(NULL AS VARCHAR) AS identity_increment, 
CAST(NULL AS VARCHAR) AS identity_maximum, CAST(NULL AS VARCHAR) AS 
identity_minimum, CAST(NULL AS BOOLEAN) AS identity_cycle, CAST(NULL 
AS VARCHAR) AS is_generated, CAST(NULL AS VARCHAR) AS 
generation_expression, CAST(NULL AS BOOLEAN) AS is_updatable, 
"comment" AS COLUMN_COMMENT FROM duckdb_columns;', 'NONE', 'NO', 
'NO', 'NO', 'NO', 'NO'), ('system', 'information_schema', 
'constraint_column_usage', "CREATE TEMPORARY VIEW 
information_schema.constraint_column_usage AS SELECT database_name AS 
table_catalog, schema_name AS table_schema, table_name, column_name, 
database_name AS constraint_catalog, schema_name AS 
constraint_schema, constraint_name, constraint_type, constraint_text 
FROM (SELECT dc.*, unnest(dc.constraint_column_names) AS column_name 
FROM duckdb_constraints() AS dc WHERE (constraint_type NOT IN ('NOT 
NULL')));", 'NONE', 'NO', 'NO', 'NO', 'NO', 'NO'), ('system', 
'information_schema', 'constraint_table_usage', "CREATE TEMPORARY 
VIEW information_schema.constraint_table_usage AS SELECT 
database_name AS table_catalog, schema_name AS table_schema, 
table_name, database_name AS constraint_catalog, schema_name AS 
constraint_schema, constraint_name, constraint_type FROM 
duckdb_constraints() WHERE (constraint_type NOT IN ('NOT NULL'));", 
'NONE', 'NO', 'NO', 'NO', 'NO', 'NO'), ('system', 
'information_schema', 'key_column_usage', "CREATE TEMPORARY VIEW 
information_schema.key_column_usage AS SELECT database_name AS 
constraint_catalog, schema_name AS constraint_schema, 
constraint_name, database_name AS table_catalog, schema_name AS 
table_schema, table_name, unnest(constraint_column_names) AS 
column_name, unnest(generate_series(1, len(constraint_column_names))) 
AS ordinal_position, CASE  WHEN ((constraint_type = 'FOREIGN KEY')) 
THEN (1) ELSE NULL END AS position_in_unique_constraint FROM 
duckdb_constraints() WHERE ((constraint_type = 'FOREIGN KEY') OR 
(constraint_type = 'PRIMARY KEY') OR (constraint_type = 'UNIQUE'));", 
'NONE', 'NO', 'NO', 'NO', 'NO', 'NO'), ('system', 
'information_schema', 'referential_constraints', "CREATE TEMPORARY 
VIEW information_schema.referential_constraints AS SELECT 
f.database_name AS constraint_catalog, f.schema_name AS 
constraint_schema, f.constraint_name AS constraint_name, 
c.database_name AS unique_constraint_catalog, c.schema_name AS 
unique_constraint_schema, c.constraint_name AS 
unique_constraint_name, 'NONE' AS match_option, 'NO ACTION' AS 
update_rule, 'NO ACTION' AS delete_rule FROM duckdb_constraints() AS 
c , duckdb_constraints() AS f WHERE ((f.constraint_type = 'FOREIGN 
KEY') AND ((c.constraint_type = 'UNIQUE') OR (c.constraint_type = 
'PRIMARY KEY')) AND (f.database_oid = c.database_oid) AND 
(f.schema_oid = c.schema_oid) AND (lower(f.referenced_table) = 
lower(c.table_name)) AND (main.list_apply(f.referenced_column_names, 
(lambda x: lower(x))) = main.list_apply(c.constraint_column_names, 
(lambda x: lower(x)))));", 'NONE', 'NO', 'NO', 'NO', 'NO', 'NO'), 
('system', 'information_schema', 'schemata', 'CREATE TEMPORARY VIEW 
information_schema.schemata AS SELECT database_name AS catalog_name, 
schema_name, \'duckdb\' AS schema_owner, CAST(NULL AS VARCHAR) AS 
default_character_set_catalog, CAST(NULL AS VARCHAR) AS 
default_character_set_schema, CAST(NULL AS VARCHAR) AS 
default_character_set_name, "sql" AS sql_path FROM 
duckdb_schemas();', 'NONE', 'NO', 'NO', 'NO', 'NO', 'NO'), ('system', 
'information_schema', 'tables', 'CREATE TEMPORARY VIEW 
information_schema."tables" AS (SELECT database_name AS 
table_catalog, schema_name AS table_schema, table_name, CASE  WHEN 
("temporary") THEN (\'LOCAL TEMPORARY\') ELSE \'BASE TABLE\' END AS 
table_type, CAST(NULL AS VARCHAR) AS self_referencing_column_name, 
CAST(NULL AS VARCHAR) AS reference_generation, CAST(NULL AS VARCHAR) 
AS user_defined_type_catalog, CAST(NULL AS VARCHAR) AS 
user_defined_type_schema, CAST(NULL AS VARCHAR) AS 
user_defined_type_name, \'YES\' AS is_insertable_into, \'NO\' AS 
is_typed, CASE  WHEN ("temporary") THEN (\'PRESERVE\') ELSE NULL END 
AS commit_action, "comment" AS TABLE_COMMENT FROM duckdb_tables()) 
UNION ALL (SELECT database_name AS table_catalog, schema_name AS 
table_schema, view_name AS table_name, \'VIEW\' AS table_type, NULL 
AS self_referencing_column_name, NULL AS reference_generation, NULL 
AS user_defined_type_catalog, NULL AS user_defined_type_schema, NULL 
AS user_defined_type_name, \'NO\' AS is_insertable_into, \'NO\' AS 
is_typed, NULL AS commit_action, "comment" AS TABLE_COMMENT FROM 
duckdb_views);', 'NONE', 'NO', 'NO', 'NO', 'NO', 'NO'), ('system', 
'information_schema', 'table_constraints', "CREATE TEMPORARY VIEW 
information_schema.table_constraints AS SELECT database_name AS 
constraint_catalog, schema_name AS constraint_schema, 
constraint_name, database_name AS table_catalog, schema_name AS 
table_schema, table_name, CASE  WHEN ((constraint_type = 'NOT NULL')) 
THEN ('CHECK') ELSE constraint_type END AS constraint_type, 'NO' AS 
is_deferrable, 'NO' AS initially_deferred, 'YES' AS enforced, 'YES' 
AS nulls_distinct FROM duckdb_constraints() WHERE ((constraint_type = 
'PRIMARY KEY') OR (constraint_type = 'FOREIGN KEY') OR 
(constraint_type = 'UNIQUE') OR (constraint_type = 'CHECK') OR 
(constraint_type = 'NOT NULL'));", 'NONE', 'NO', 'NO', 'NO', 'NO', 
'NO'), ('system', 'information_schema', 'views', 'CREATE TEMPORARY 
VIEW information_schema."views" AS SELECT database_name AS 
table_catalog, schema_name AS table_schema, view_name AS table_name, 
"sql" AS view_definition, \'NONE\' AS check_option, \'NO\' AS 
is_updatable, \'NO\' AS is_insertable_into, \'NO\' AS 
is_trigger_updatable, \'NO\' AS is_trigger_deletable, \'NO\' AS 
is_trigger_insertable_into FROM duckdb_views();', 'NONE', 'NO', 'NO', 
'NO', 'NO', 'NO'), ('system', 'main', 'duckdb_columns', 'CREATE 
TEMPORARY VIEW duckdb_columns AS SELECT * FROM duckdb_columns() WHERE 
(NOT internal);', 'NONE', 'NO', 'NO', 'NO', 'NO', 'NO'), ('system', 
'main', 'duckdb_constraints', 'CREATE TEMPORARY VIEW 
duckdb_constraints AS SELECT * FROM duckdb_constraints();', 'NONE', 
'NO', 'NO', 'NO', 'NO', 'NO'), ('system', 'main', 'duckdb_databases', 
'CREATE TEMPORARY VIEW duckdb_databases AS SELECT * FROM 
duckdb_databases() WHERE (NOT internal);', 'NONE', 'NO', 'NO', 'NO', 
'NO', 'NO'), ('system', 'main', 'duckdb_indexes', 'CREATE TEMPORARY 
VIEW duckdb_indexes AS SELECT * FROM duckdb_indexes();', 'NONE', 
'NO', 'NO', 'NO', 'NO', 'NO'), ('system', 'main', 'duckdb_logs', 
'CREATE TEMPORARY VIEW duckdb_logs AS SELECT * EXCLUDE (c.context_id, 
l.context_id) FROM duckdb_logs() AS l INNER JOIN 
duckdb_log_contexts() AS c ON ((l.context_id = c.context_id)) ORDER 
BY "timestamp";', 'NONE', 'NO', 'NO', 'NO', 'NO', 'NO'), ('system', 
'main', 'duckdb_schemas', 'CREATE TEMPORARY VIEW duckdb_schemas AS 
SELECT * FROM duckdb_schemas() WHERE (NOT internal);', 'NONE', 'NO', 
'NO', 'NO', 'NO', 'NO'), ('system', 'main', 'duckdb_tables', 'CREATE 
TEMPORARY VIEW duckdb_tables AS SELECT * FROM duckdb_tables() WHERE 
(NOT internal);', 'NONE', 'NO', 'NO', 'NO', 'NO', 'NO'), ('system', 
'main', 'duckdb_types', 'CREATE TEMPORARY VIEW duckdb_types AS SELECT 
* FROM duckdb_types();', 'NONE', 'NO', 'NO', 'NO', 'NO', 'NO'), 
('system', 'main', 'duckdb_views', 'CREATE TEMPORARY VIEW 
duckdb_views AS SELECT * FROM duckdb_views() WHERE (NOT internal);', 
'NONE', 'NO', 'NO', 'NO', 'NO', 'NO'), ('system', 'main', 
'pragma_database_list', 'CREATE TEMPORARY VIEW pragma_database_list 
AS SELECT database_oid AS seq, database_name AS "name", path AS file 
FROM duckdb_databases() WHERE (NOT internal) ORDER BY 1;', 'NONE', 
'NO', 'NO', 'NO', 'NO', 'NO'), ('system', 'main', 'sqlite_master', 
'CREATE TEMPORARY VIEW sqlite_master AS ((SELECT \'table\' AS "type", 
table_name AS "name", table_name AS tbl_name, 0 AS rootpage, "sql" 
FROM duckdb_tables) UNION ALL (SELECT \'view\' AS "type", view_name 
AS "name", view_name AS tbl_name, 0 AS rootpage, "sql" FROM 
duckdb_views)) UNION ALL (SELECT \'index\' AS "type", index_name AS 
"name", table_name AS tbl_name, 0 AS rootpage, "sql" FROM 
duckdb_indexes);', 'NONE', 'NO', 'NO', 'NO', 'NO', 'NO'), ('system', 
'main', 'sqlite_schema', 'CREATE TEMPORARY VIEW sqlite_schema AS 
SELECT * FROM sqlite_master;', 'NONE', 'NO', 'NO', 'NO', 'NO', 'NO'), 
('system', 'main', 'sqlite_temp_master', 'CREATE TEMPORARY VIEW 
sqlite_temp_master AS SELECT * FROM sqlite_master;', 'NONE', 'NO', 
'NO', 'NO', 'NO', 'NO'), ('system', 'main', 'sqlite_temp_schema', 
'CREATE TEMPORARY VIEW sqlite_temp_schema AS SELECT * FROM 
sqlite_master;', 'NONE', 'NO', 'NO', 'NO', 'NO', 'NO'), ('system', 
'pg_catalog', 'pg_am', "CREATE TEMPORARY VIEW pg_catalog.pg_am AS 
SELECT 0 AS oid, 'art' AS amname, NULL AS amhandler, 'i' AS amtype;", 
'NONE', 'NO', 'NO', 'NO', 'NO', 'NO'), ('system', 'pg_catalog', 
'pg_attrdef', 'CREATE TEMPORARY VIEW pg_catalog.pg_attrdef AS SELECT 
column_index AS oid, table_oid AS adrelid, column_index AS adnum, 
column_default AS adbin FROM duckdb_columns() WHERE (column_default 
IS NOT NULL);', 'NONE', 'NO', 'NO', 'NO', 'NO', 'NO'), ('system', 
'pg_catalog', 'pg_attribute', "CREATE TEMPORARY VIEW 
pg_catalog.pg_attribute AS SELECT table_oid AS attrelid, column_name 
AS attname, data_type_id AS atttypid, 0 AS attstattarget, NULL AS 
attlen, column_index AS attnum, 0 AS attndims, -1 AS attcacheoff, 
CASE  WHEN ((data_type ~~* '%decimal%')) THEN (((numeric_precision * 
1000) + numeric_scale)) ELSE -1 END AS atttypmod, CAST('f' AS 
BOOLEAN) AS attbyval, NULL AS attstorage, NULL AS attalign, (NOT 
is_nullable) AS attnotnull, (column_default IS NOT NULL) AS 
atthasdef, CAST('f' AS BOOLEAN) AS atthasmissing, '' AS attidentity, 
'' AS attgenerated, CAST('f' AS BOOLEAN) AS attisdropped, CAST('t' AS 
BOOLEAN) AS attislocal, 0 AS attinhcount, 0 AS attcollation, NULL AS 
attcompression, NULL AS attacl, NULL AS attoptions, NULL AS 
attfdwoptions, NULL AS attmissingval FROM duckdb_columns();", 'NONE', 
'NO', 'NO', 'NO', 'NO', 'NO'), ('system', 'pg_catalog', 'pg_class', 
'CREATE TEMPORARY VIEW pg_catalog.pg_class AS (((SELECT table_oid AS 
oid, table_name AS relname, schema_oid AS relnamespace, 0 AS reltype, 
0 AS reloftype, 0 AS relowner, 0 AS relam, 0 AS relfilenode, 0 AS 
reltablespace, 0 AS relpages, CAST(estimated_size AS FLOAT) AS 
reltuples, 0 AS relallvisible, 0 AS reltoastrelid, 0 AS 
reltoastidxid, (index_count > 0) AS relhasindex, CAST(\'f\' AS 
BOOLEAN) AS relisshared, CASE  WHEN ("temporary") THEN (\'t\') ELSE 
\'p\' END AS relpersistence, \'r\' AS relkind, column_count AS 
relnatts, check_constraint_count AS relchecks, CAST(\'f\' AS BOOLEAN) 
AS relhasoids, has_primary_key AS relhaspkey, CAST(\'f\' AS BOOLEAN) 
AS relhasrules, CAST(\'f\' AS BOOLEAN) AS relhastriggers, CAST(\'f\' 
AS BOOLEAN) AS relhassubclass, CAST(\'f\' AS BOOLEAN) AS 
relrowsecurity, CAST(\'t\' AS BOOLEAN) AS relispopulated, NULL AS 
relreplident, CAST(\'f\' AS BOOLEAN) AS relispartition, 0 AS 
relrewrite, 0 AS relfrozenxid, NULL AS relminmxid, NULL AS relacl, 
NULL AS reloptions, NULL AS relpartbound FROM duckdb_tables()) UNION 
ALL (SELECT view_oid AS oid, view_name AS relname, schema_oid AS 
relnamespace, 0 AS reltype, 0 AS reloftype, 0 AS relowner, 0 AS 
relam, 0 AS relfilenode, 0 AS reltablespace, 0 AS relpages, 0 AS 
reltuples, 0 AS relallvisible, 0 AS reltoastrelid, 0 AS 
reltoastidxid, CAST(\'f\' AS BOOLEAN) AS relhasindex, CAST(\'f\' AS 
BOOLEAN) AS relisshared, CASE  WHEN ("temporary") THEN (\'t\') ELSE 
\'p\' END AS relpersistence, \'v\' AS relkind, column_count AS 
relnatts, 0 AS relchecks, CAST(\'f\' AS BOOLEAN) AS relhasoids, 
CAST(\'f\' AS BOOLEAN) AS relhaspkey, CAST(\'f\' AS BOOLEAN) AS 
relhasrules, CAST(\'f\' AS BOOLEAN) AS relhastriggers, CAST(\'f\' AS 
BOOLEAN) AS relhassubclass, CAST(\'f\' AS BOOLEAN) AS relrowsecurity, 
CAST(\'t\' AS BOOLEAN) AS relispopulated, NULL AS relreplident, 
CAST(\'f\' AS BOOLEAN) AS relispartition, 0 AS relrewrite, 0 AS 
relfrozenxid, NULL AS relminmxid, NULL AS relacl, NULL AS reloptions, 
NULL AS relpartbound FROM duckdb_views())) UNION ALL (SELECT 
sequence_oid AS oid, sequence_name AS relname, schema_oid AS 
relnamespace, 0 AS reltype, 0 AS reloftype, 0 AS relowner, 0 AS 
relam, 0 AS relfilenode, 0 AS reltablespace, 0 AS relpages, 0 AS 
reltuples, 0 AS relallvisible, 0 AS reltoastrelid, 0 AS 
reltoastidxid, CAST(\'f\' AS BOOLEAN) AS relhasindex, CAST(\'f\' AS 
BOOLEAN) AS relisshared, CASE  WHEN ("temporary") THEN (\'t\') ELSE 
\'p\' END AS relpersistence, \'S\' AS relkind, 0 AS relnatts, 0 AS 
relchecks, CAST(\'f\' AS BOOLEAN) AS relhasoids, CAST(\'f\' AS 
BOOLEAN) AS relhaspkey, CAST(\'f\' AS BOOLEAN) AS relhasrules, 
CAST(\'f\' AS BOOLEAN) AS relhastriggers, CAST(\'f\' AS BOOLEAN) AS 
relhassubclass, CAST(\'f\' AS BOOLEAN) AS relrowsecurity, CAST(\'t\' 
AS BOOLEAN) AS relispopulated, NULL AS relreplident, CAST(\'f\' AS 
BOOLEAN) AS relispartition, 0 AS relrewrite, 0 AS relfrozenxid, NULL 
AS relminmxid, NULL AS relacl, NULL AS reloptions, NULL AS 
relpartbound FROM duckdb_sequences())) UNION ALL (SELECT index_oid AS 
oid, index_name AS relname, schema_oid AS relnamespace, 0 AS reltype, 
0 AS reloftype, 0 AS relowner, 0 AS relam, 0 AS relfilenode, 0 AS 
reltablespace, 0 AS relpages, 0 AS reltuples, 0 AS relallvisible, 0 
AS reltoastrelid, 0 AS reltoastidxid, CAST(\'f\' AS BOOLEAN) AS 
relhasindex, CAST(\'f\' AS BOOLEAN) AS relisshared, \'t\' AS 
relpersistence, \'i\' AS relkind, NULL AS relnatts, 0 AS relchecks, 
CAST(\'f\' AS BOOLEAN) AS relhasoids, CAST(\'f\' AS BOOLEAN) AS 
relhaspkey, CAST(\'f\' AS BOOLEAN) AS relhasrules, CAST(\'f\' AS 
BOOLEAN) AS relhastriggers, CAST(\'f\' AS BOOLEAN) AS relhassubclass, 
CAST(\'f\' AS BOOLEAN) AS relrowsecurity, CAST(\'t\' AS BOOLEAN) AS 
relispopulated, NULL AS relreplident, CAST(\'f\' AS BOOLEAN) AS 
relispartition, 0 AS relrewrite, 0 AS relfrozenxid, NULL AS 
relminmxid, NULL AS relacl, NULL AS reloptions, NULL AS relpartbound 
FROM duckdb_indexes());', 'NONE', 'NO', 'NO', 'NO', 'NO', 'NO'), 
('system', 'pg_catalog', 'pg_constraint', "CREATE TEMPORARY VIEW 
pg_catalog.pg_constraint AS SELECT ((table_oid * 1000000) + 
constraint_index) AS oid, constraint_text AS conname, schema_oid AS 
connamespace, CASE  WHEN ((constraint_type = 'CHECK')) THEN ('c') 
WHEN ((constraint_type = 'UNIQUE')) THEN ('u') WHEN ((constraint_type 
= 'PRIMARY KEY')) THEN ('p') WHEN ((constraint_type = 'FOREIGN KEY')) 
THEN ('f') ELSE 'x' END AS contype, CAST('f' AS BOOLEAN) AS 
condeferrable, CAST('f' AS BOOLEAN) AS condeferred, CAST('t' AS 
BOOLEAN) AS convalidated, table_oid AS conrelid, 0 AS contypid, 0 AS 
conindid, 0 AS conparentid, 0 AS confrelid, NULL AS confupdtype, NULL 
AS confdeltype, NULL AS confmatchtype, CAST('t' AS BOOLEAN) AS 
conislocal, 0 AS coninhcount, CAST('f' AS BOOLEAN) AS connoinherit, 
constraint_column_indexes AS conkey, NULL AS confkey, NULL AS 
conpfeqop, NULL AS conppeqop, NULL AS conffeqop, NULL AS conexclop, 
expression AS conbin FROM duckdb_constraints();", 'NONE', 'NO', 'NO', 
'NO', 'NO', 'NO'), ('system', 'pg_catalog', 'pg_database', 'CREATE 
TEMPORARY VIEW pg_catalog.pg_database AS SELECT database_oid AS oid, 
database_name AS datname FROM duckdb_databases();', 'NONE', 'NO', 
'NO', 'NO', 'NO', 'NO'), ('system', 'pg_catalog', 'pg_depend', 
'CREATE TEMPORARY VIEW pg_catalog.pg_depend AS SELECT * FROM 
duckdb_dependencies();', 'NONE', 'NO', 'NO', 'NO', 'NO', 'NO'), 
('system', 'pg_catalog', 'pg_description', 'CREATE TEMPORARY VIEW 
pg_catalog.pg_description AS ((((((SELECT table_oid AS objoid, 
database_oid AS classoid, 0 AS objsubid, "comment" AS description 
FROM duckdb_tables() WHERE (NOT internal)) UNION ALL (SELECT 
table_oid AS objoid, database_oid AS classoid, column_index AS 
objsubid, "comment" AS description FROM duckdb_columns() WHERE (NOT 
internal))) UNION ALL (SELECT view_oid AS objoid, database_oid AS 
classoid, 0 AS objsubid, "comment" AS description FROM duckdb_views() 
WHERE (NOT internal))) UNION ALL (SELECT index_oid AS objoid, 
database_oid AS classoid, 0 AS objsubid, "comment" AS description 
FROM duckdb_indexes)) UNION ALL (SELECT sequence_oid AS objoid, 
database_oid AS classoid, 0 AS objsubid, "comment" AS description 
FROM duckdb_sequences())) UNION ALL (SELECT type_oid AS objoid, 
database_oid AS classoid, 0 AS objsubid, "comment" AS description 
FROM duckdb_types() WHERE (NOT internal))) UNION ALL (SELECT 
function_oid AS objoid, database_oid AS classoid, 0 AS objsubid, 
"comment" AS description FROM duckdb_functions() WHERE (NOT 
internal));', 'NONE', 'NO', 'NO', 'NO', 'NO', 'NO'), ('system', 
'pg_catalog', 'pg_enum', "CREATE TEMPORARY VIEW pg_catalog.pg_enum AS 
SELECT NULL AS oid, a.type_oid AS enumtypid, list_position(b.labels, 
a.elabel) AS enumsortorder, a.elabel AS enumlabel FROM (SELECT 
unnest(labels) AS elabel, type_oid FROM duckdb_types() WHERE 
(logical_type = 'ENUM')) AS a INNER JOIN duckdb_types() AS b ON 
((a.type_oid = b.type_oid));", 'NONE', 'NO', 'NO', 'NO', 'NO', 'NO'), 
('system', 'pg_catalog', 'pg_index', "CREATE TEMPORARY VIEW 
pg_catalog.pg_index AS SELECT index_oid AS indexrelid, table_oid AS 
indrelid, 0 AS indnatts, 0 AS indnkeyatts, is_unique AS indisunique, 
is_primary AS indisprimary, CAST('f' AS BOOLEAN) AS indisexclusion, 
CAST('t' AS BOOLEAN) AS indimmediate, CAST('f' AS BOOLEAN) AS 
indisclustered, CAST('t' AS BOOLEAN) AS indisvalid, CAST('f' AS 
BOOLEAN) AS indcheckxmin, CAST('t' AS BOOLEAN) AS indisready, 
CAST('t' AS BOOLEAN) AS indislive, CAST('f' AS BOOLEAN) AS 
indisreplident, CAST(NULL AS INTEGER[]) AS indkey, CAST(NULL AS 
BIGINT[]) AS indcollation, CAST(NULL AS BIGINT[]) AS indclass, 
CAST(NULL AS INTEGER[]) AS indoption, expressions AS indexprs, NULL 
AS indpred FROM duckdb_indexes();", 'NONE', 'NO', 'NO', 'NO', 'NO', 
'NO'), ('system', 'pg_catalog', 'pg_indexes', 'CREATE TEMPORARY VIEW 
pg_catalog.pg_indexes AS SELECT schema_name AS schemaname, table_name 
AS tablename, index_name AS indexname, NULL AS "tablespace", "sql" AS 
indexdef FROM duckdb_indexes();', 'NONE', 'NO', 'NO', 'NO', 'NO', 
'NO'), ('system', 'pg_catalog', 'pg_namespace', 'CREATE TEMPORARY 
VIEW pg_catalog.pg_namespace AS SELECT oid, schema_name AS nspname, 0 
AS nspowner, NULL AS nspacl FROM duckdb_schemas() WHERE 
(database_name = current_database());', 'NONE', 'NO', 'NO', 'NO', 
'NO', 'NO'), ('system', 'pg_catalog', 'pg_prepared_statements', 
'CREATE TEMPORARY VIEW pg_catalog.pg_prepared_statements AS SELECT 
"name", "statement", NULL AS prepare_time, parameter_types, 
result_types, NULL AS from_sql, NULL AS generic_plans, NULL AS 
custom_plans FROM duckdb_prepared_statements();', 'NONE', 'NO', 'NO', 
'NO', 'NO', 'NO'), ('system', 'pg_catalog', 'pg_proc', "CREATE 
TEMPORARY VIEW pg_catalog.pg_proc AS SELECT f.function_oid AS oid, 
function_name AS proname, s.oid AS pronamespace, NULL AS proowner, 
NULL AS prolang, 0 AS procost, 0 AS prorows, varargs AS provariadic, 
0 AS prosupport, CASE  WHEN ((function_type = 'aggregate')) THEN 
('a') ELSE 'f' END AS prokind, CAST('f' AS BOOLEAN) AS prosecdef, 
CAST('f' AS BOOLEAN) AS proleakproof, CAST('f' AS BOOLEAN) AS 
proisstrict, (function_type = 'table') AS proretset, CASE  WHEN 
((stability = 'CONSISTENT')) THEN ('i') WHEN ((stability = 
'CONSISTENT_WITHIN_QUERY')) THEN ('s') WHEN ((stability = 
'VOLATILE')) THEN ('v') ELSE NULL END AS provolatile, 'u' AS 
proparallel, length(parameters) AS pronargs, 0 AS pronargdefaults, 
return_type AS prorettype, parameter_types AS proargtypes, NULL AS 
proallargtypes, NULL AS proargmodes, parameters AS proargnames, NULL 
AS proargdefaults, NULL AS protrftypes, NULL AS prosrc, NULL AS 
probin, macro_definition AS prosqlbody, NULL AS proconfig, NULL AS 
proacl, (function_type = 'aggregate') AS proisagg FROM 
duckdb_functions() AS f LEFT JOIN duckdb_schemas() AS s USING 
(database_name, schema_name);", 'NONE', 'NO', 'NO', 'NO', 'NO', 
'NO'), ('system', 'pg_catalog', 'pg_sequence', 'CREATE TEMPORARY VIEW 
pg_catalog.pg_sequence AS SELECT sequence_oid AS seqrelid, 0 AS 
seqtypid, start_value AS seqstart, increment_by AS seqincrement, 
max_value AS seqmax, min_value AS seqmin, 0 AS seqcache, "cycle" AS 
seqcycle FROM duckdb_sequences();', 'NONE', 'NO', 'NO', 'NO', 'NO', 
'NO'), ('system', 'pg_catalog', 'pg_sequences', 'CREATE TEMPORARY 
VIEW pg_catalog.pg_sequences AS SELECT schema_name AS schemaname, 
sequence_name AS sequencename, \'duckdb\' AS sequenceowner, 0 AS 
data_type, start_value, min_value, max_value, increment_by, "cycle", 
0 AS cache_size, last_value FROM duckdb_sequences();', 'NONE', 'NO', 
'NO', 'NO', 'NO', 'NO'), ('system', 'pg_catalog', 'pg_settings', 
'CREATE TEMPORARY VIEW pg_catalog.pg_settings AS SELECT "name", 
"value" AS setting, description AS short_desc, CASE  WHEN 
((input_type = \'VARCHAR\')) THEN (\'string\') WHEN ((input_type = 
\'BOOLEAN\')) THEN (\'bool\') WHEN ((input_type IN (\'BIGINT\', 
\'UBIGINT\'))) THEN (\'integer\') ELSE input_type END AS vartype FROM 
duckdb_settings();', 'NONE', 'NO', 'NO', 'NO', 'NO', 'NO'), 
('system', 'pg_catalog', 'pg_tables', 'CREATE TEMPORARY VIEW 
pg_catalog.pg_tables AS SELECT schema_name AS schemaname, table_name 
AS tablename, \'duckdb\' AS tableowner, NULL AS "tablespace", 
(index_count > 0) AS hasindexes, CAST(\'f\' AS BOOLEAN) AS hasrules, 
CAST(\'f\' AS BOOLEAN) AS hastriggers FROM duckdb_tables();', 'NONE', 
'NO', 'NO', 'NO', 'NO', 'NO'), ('system', 'pg_catalog', 
'pg_tablespace', "CREATE TEMPORARY VIEW pg_catalog.pg_tablespace AS 
SELECT 0 AS oid, 'pg_default' AS spcname, 0 AS spcowner, NULL AS 
spcacl, NULL AS spcoptions;", 'NONE', 'NO', 'NO', 'NO', 'NO', 'NO'), 
('system', 'pg_catalog', 'pg_type', "CREATE TEMPORARY VIEW 
pg_catalog.pg_type AS SELECT CASE  WHEN ((type_oid IS NULL)) THEN 
(NULL) WHEN (((logical_type = 'ENUM') AND (type_name != 'enum'))) 
THEN (type_oid) ELSE map_to_pg_oid(type_name) END AS oid, 
format_pg_type(logical_type, type_name) AS typname, schema_oid AS 
typnamespace, 0 AS typowner, type_size AS typlen, CAST('f' AS 
BOOLEAN) AS typbyval, CASE  WHEN ((logical_type = 'ENUM')) THEN ('e') 
ELSE 'b' END AS typtype, CASE  WHEN ((type_category = 'NUMERIC')) 
THEN ('N') WHEN ((type_category = 'STRING')) THEN ('S') WHEN 
((type_category = 'DATETIME')) THEN ('D') WHEN ((type_category = 
'BOOLEAN')) THEN ('B') WHEN ((type_category = 'COMPOSITE')) THEN 
('C') WHEN ((type_category = 'USER')) THEN ('U') ELSE 'X' END AS 
typcategory, CAST('f' AS BOOLEAN) AS typispreferred, CAST('t' AS 
BOOLEAN) AS typisdefined, NULL AS typdelim, NULL AS typrelid, NULL AS 
typsubscript, NULL AS typelem, NULL AS typarray, NULL AS typinput, 
NULL AS typoutput, NULL AS typreceive, NULL AS typsend, NULL AS 
typmodin, NULL AS typmodout, NULL AS typanalyze, 'd' AS typalign, 'p' 
AS typstorage, NULL AS typnotnull, NULL AS typbasetype, NULL AS 
typtypmod, NULL AS typndims, NULL AS typcollation, NULL AS 
typdefaultbin, NULL AS typdefault, NULL AS typacl FROM duckdb_types() 
WHERE (type_oid IS NOT NULL);", 'NONE', 'NO', 'NO', 'NO', 'NO', 
'NO'), ('system', 'pg_catalog', 'pg_views', 'CREATE TEMPORARY VIEW 
pg_catalog.pg_views AS SELECT schema_name AS schemaname, view_name AS 
viewname, \'duckdb\' AS viewowner, "sql" AS definition FROM 
duckdb_views();', 'NONE', 'NO', 'NO', 'NO', 'NO', 'NO')]
INFO:orchestrator_test:[TXN:5bdbb59b-d59d-423a-b86d-0024757221c9] 
Creating base view fi_star_view directly from sap tables
INFO:orchestrator_test:[TXN:5bdbb59b-d59d-423a-b86d-0024757221c9] 
Created fi_star_view directly from sap.FinancialTransactions
INFO:orchestrator_test:[TXN:5bdbb59b-d59d-423a-b86d-0024757221c9] 
Verified fi_star_view exists in schema
INFO:orchestrator_test:[TXN:5bdbb59b-d59d-423a-b86d-0024757221c9] 
Creating required view for tests: fi_sales_by_customer_type_view
INFO:orchestrator_test:[TXN:5bdbb59b-d59d-423a-b86d-0024757221c9] 
Successfully created and verified view: fi_sales_by_customer_type_view
INFO:orchestrator_test:[TXN:5bdbb59b-d59d-423a-b86d-0024757221c9] 
Creating required view for tests: fi_financial_transactions_view
INFO:orchestrator_test:[TXN:5bdbb59b-d59d-423a-b86d-0024757221c9] 
Successfully created and verified view: fi_financial_transactions_view
INFO:orchestrator_test:[TXN:5bdbb59b-d59d-423a-b86d-0024757221c9] 
Creating required view for tests: fi_customer_transactions_view
INFO:orchestrator_test:[TXN:5bdbb59b-d59d-423a-b86d-0024757221c9] 
Successfully created and verified view: fi_customer_transactions_view
INFO:orchestrator_test:[TXN:5bdbb59b-d59d-423a-b86d-0024757221c9] 
Final views after all setup: [('fi_customer_transactions_view',), 
('fi_financial_transactions_view',), 
('fi_sales_by_customer_type_view',), ('fi_star_view',), 
('character_sets',), ('check_constraints',), ('columns',), 
('constraint_column_usage',), ('constraint_table_usage',), 
('key_column_usage',), ('referential_constraints',), ('schemata',), 
('tables',), ('table_constraints',), ('views',), ('duckdb_columns',), 
('duckdb_constraints',), ('duckdb_databases',), ('duckdb_indexes',), 
('duckdb_logs',), ('duckdb_schemas',), ('duckdb_tables',), 
('duckdb_types',), ('duckdb_views',), ('pragma_database_list',), 
('sqlite_master',), ('sqlite_schema',), ('sqlite_temp_master',), 
('sqlite_temp_schema',), ('pg_am',), ('pg_attrdef',), 
('pg_attribute',), ('pg_class',), ('pg_constraint',), 
('pg_database',), ('pg_depend',), ('pg_description',), ('pg_enum',), 
('pg_index',), ('pg_indexes',), ('pg_namespace',), 
('pg_prepared_statements',), ('pg_proc',), ('pg_sequence',), 
('pg_sequences',), ('pg_settings',), ('pg_tables',), 
('pg_tablespace',), ('pg_type',), ('pg_views',)]
INFO:orchestrator_test:[TXN:5bdbb59b-d59d-423a-b86d-0024757221c9] 
Total views in DuckDB: 50
INFO:orchestrator_test:[TXN:5bdbb59b-d59d-423a-b86d-0024757221c9] 
Available view: fi_customer_transactions_view
INFO:orchestrator_test:[TXN:5bdbb59b-d59d-423a-b86d-0024757221c9] 
Available view: fi_financial_transactions_view
INFO:orchestrator_test:[TXN:5bdbb59b-d59d-423a-b86d-0024757221c9] 
Available view: fi_sales_by_customer_type_view
INFO:orchestrator_test:[TXN:5bdbb59b-d59d-423a-b86d-0024757221c9] 
Available view: fi_star_view
INFO:orchestrator_test:[TXN:5bdbb59b-d59d-423a-b86d-0024757221c9] 
Available view: character_sets
INFO:orchestrator_test:[TXN:5bdbb59b-d59d-423a-b86d-0024757221c9] 
Available view: check_constraints
INFO:orchestrator_test:[TXN:5bdbb59b-d59d-423a-b86d-0024757221c9] 
Available view: columns
INFO:orchestrator_test:[TXN:5bdbb59b-d59d-423a-b86d-0024757221c9] 
Available view: constraint_column_usage
INFO:orchestrator_test:[TXN:5bdbb59b-d59d-423a-b86d-0024757221c9] 
Available view: constraint_table_usage
INFO:orchestrator_test:[TXN:5bdbb59b-d59d-423a-b86d-0024757221c9] 
Available view: key_column_usage
INFO:orchestrator_test:[TXN:5bdbb59b-d59d-423a-b86d-0024757221c9] 
Available view: referential_constraints
INFO:orchestrator_test:[TXN:5bdbb59b-d59d-423a-b86d-0024757221c9] 
Available view: schemata
INFO:orchestrator_test:[TXN:5bdbb59b-d59d-423a-b86d-0024757221c9] 
Available view: tables
INFO:orchestrator_test:[TXN:5bdbb59b-d59d-423a-b86d-0024757221c9] 
Available view: table_constraints
INFO:orchestrator_test:[TXN:5bdbb59b-d59d-423a-b86d-0024757221c9] 
Available view: views
INFO:orchestrator_test:[TXN:5bdbb59b-d59d-423a-b86d-0024757221c9] 
Available view: duckdb_columns
INFO:orchestrator_test:[TXN:5bdbb59b-d59d-423a-b86d-0024757221c9] 
Available view: duckdb_constraints
INFO:orchestrator_test:[TXN:5bdbb59b-d59d-423a-b86d-0024757221c9] 
Available view: duckdb_databases
INFO:orchestrator_test:[TXN:5bdbb59b-d59d-423a-b86d-0024757221c9] 
Available view: duckdb_indexes
INFO:orchestrator_test:[TXN:5bdbb59b-d59d-423a-b86d-0024757221c9] 
Available view: duckdb_logs
INFO:orchestrator_test:[TXN:5bdbb59b-d59d-423a-b86d-0024757221c9] 
Available view: duckdb_schemas
INFO:orchestrator_test:[TXN:5bdbb59b-d59d-423a-b86d-0024757221c9] 
Available view: duckdb_tables
INFO:orchestrator_test:[TXN:5bdbb59b-d59d-423a-b86d-0024757221c9] 
Available view: duckdb_types
INFO:orchestrator_test:[TXN:5bdbb59b-d59d-423a-b86d-0024757221c9] 
Available view: duckdb_views
INFO:orchestrator_test:[TXN:5bdbb59b-d59d-423a-b86d-0024757221c9] 
Available view: pragma_database_list
INFO:orchestrator_test:[TXN:5bdbb59b-d59d-423a-b86d-0024757221c9] 
Available view: sqlite_master
INFO:orchestrator_test:[TXN:5bdbb59b-d59d-423a-b86d-0024757221c9] 
Available view: sqlite_schema
INFO:orchestrator_test:[TXN:5bdbb59b-d59d-423a-b86d-0024757221c9] 
Available view: sqlite_temp_master
INFO:orchestrator_test:[TXN:5bdbb59b-d59d-423a-b86d-0024757221c9] 
Available view: sqlite_temp_schema
INFO:orchestrator_test:[TXN:5bdbb59b-d59d-423a-b86d-0024757221c9] 
Available view: pg_am
INFO:orchestrator_test:[TXN:5bdbb59b-d59d-423a-b86d-0024757221c9] 
Available view: pg_attrdef
INFO:orchestrator_test:[TXN:5bdbb59b-d59d-423a-b86d-0024757221c9] 
Available view: pg_attribute
INFO:orchestrator_test:[TXN:5bdbb59b-d59d-423a-b86d-0024757221c9] 
Available view: pg_class
INFO:orchestrator_test:[TXN:5bdbb59b-d59d-423a-b86d-0024757221c9] 
Available view: pg_constraint
INFO:orchestrator_test:[TXN:5bdbb59b-d59d-423a-b86d-0024757221c9] 
Available view: pg_database
INFO:orchestrator_test:[TXN:5bdbb59b-d59d-423a-b86d-0024757221c9] 
Available view: pg_depend
INFO:orchestrator_test:[TXN:5bdbb59b-d59d-423a-b86d-0024757221c9] 
Available view: pg_description
INFO:orchestrator_test:[TXN:5bdbb59b-d59d-423a-b86d-0024757221c9] 
Available view: pg_enum
INFO:orchestrator_test:[TXN:5bdbb59b-d59d-423a-b86d-0024757221c9] 
Available view: pg_index
INFO:orchestrator_test:[TXN:5bdbb59b-d59d-423a-b86d-0024757221c9] 
Available view: pg_indexes
INFO:orchestrator_test:[TXN:5bdbb59b-d59d-423a-b86d-0024757221c9] 
Available view: pg_namespace
INFO:orchestrator_test:[TXN:5bdbb59b-d59d-423a-b86d-0024757221c9] 
Available view: pg_prepared_statements
INFO:orchestrator_test:[TXN:5bdbb59b-d59d-423a-b86d-0024757221c9] 
Available view: pg_proc
INFO:orchestrator_test:[TXN:5bdbb59b-d59d-423a-b86d-0024757221c9] 
Available view: pg_sequence
INFO:orchestrator_test:[TXN:5bdbb59b-d59d-423a-b86d-0024757221c9] 
Available view: pg_sequences
INFO:orchestrator_test:[TXN:5bdbb59b-d59d-423a-b86d-0024757221c9] 
Available view: pg_settings
INFO:orchestrator_test:[TXN:5bdbb59b-d59d-423a-b86d-0024757221c9] 
Available view: pg_tables
INFO:orchestrator_test:[TXN:5bdbb59b-d59d-423a-b86d-0024757221c9] 
Available view: pg_tablespace
INFO:orchestrator_test:[TXN:5bdbb59b-d59d-423a-b86d-0024757221c9] 
Available view: pg_type
INFO:orchestrator_test:[TXN:5bdbb59b-d59d-423a-b86d-0024757221c9] 
Available view: pg_views
INFO:orchestrator_test:[TXN:5bdbb59b-d59d-423a-b86d-0024757221c9] 
View fi_sales_by_customer_type_view exists and has 167136 rows 
(sample)
INFO:orchestrator_test:[TXN:5bdbb59b-d59d-423a-b86d-0024757221c9] 
View fi_financial_transactions_view exists and has 167136 rows 
(sample)
INFO:orchestrator_test:[TXN:5bdbb59b-d59d-423a-b86d-0024757221c9] 
View fi_customer_transactions_view exists and has 167136 rows (sample)
INFO:orchestrator_test:[TXN:5bdbb59b-d59d-423a-b86d-0024757221c9] 
View fi_star_view exists and has 167136 rows (sample)
INFO:orchestrator_test:[TXN:5bdbb59b-d59d-423a-b86d-0024757221c9] All 
database objects: ['memory', 'memory', 'memory', 'memory', 'memory', 
'memory', 'memory', 'memory', 'memory', 'memory', 'memory', 'memory', 
'memory', 'memory', 'memory', 'memory', 'memory', 'memory', 'memory', 
'memory', 'memory', 'memory', 'memory', 'memory', 'memory']
INFO:orchestrator_test:[ORCHESTRATOR] Starting workflow for query: 
Show me the top 5 customers by transaction amount
INFO:orchestrator_test:[ORCHESTRATOR] Sending SQL generation request 
to LLM Service Agent
INFO:src.agents.a9_llm_service_agent:LLM request: generate_sql using 
gpt-4-turbo
INFO:src.llm_services.openai_service:Request req_20250806200010: 
Sending prompt to gpt-4-turbo
INFO:httpx:HTTP Request: POST 
https://api.openai.com/v1/chat/completions "HTTP/1.1 200 OK"
INFO:src.llm_services.openai_service:Request req_20250806200010: 
Received response from gpt-4-turbo
INFO:src.agents.a9_llm_service_agent:Successfully generated response 
via OpenAI service with model gpt-4-turbo
INFO:orchestrator_test:[ORCHESTRATOR] SQL generated: SELECT 
\"Customer ID\", \"Customer Name\", SUM(\"Transaction Value Amount\") 
AS total_transaction_amount FROM fi_customer_transactions_view GROUP 
BY \"Customer ID\", \"Customer Name\" ORDER BY 
total_transaction_amount DESC LIMIT 5",
  "confidence": 0.95,
  "warnings": [],
  "explanation": "This query selects the 'Customer ID' and 'Customer 
Name' from the 'fi_customer_transactions_view' and sums up the 
'Transaction Value Amount' for each customer. It groups results by 
'Customer ID' and 'Customer Name', orders them by the total 
transaction amount in descending order, and limits the output to the 
top 5 customers with the highest transaction amounts."
}

INFO:orchestrator_test:[ORCHESTRATOR] Sending data product request 
with generated SQL to Data Product Agent
INFO:orchestrator_test:[TXN:1bbaf107-925a-4c01-bd2a-bcd2db2ad9f0] 
Getting data product: fi_customer_transactions_view with filters: None
INFO:orchestrator_test:[TXN:1bbaf107-925a-4c01-bd2a-bcd2db2ad9f0] 
Registry status: registry=<class 'dict'>, has data_products=True
INFO:orchestrator_test:[TXN:1bbaf107-925a-4c01-bd2a-bcd2db2ad9f0] 
Registry keys: ['data_products', 'kpis', 'relationships', 
'business_terms', 'views', 'schema']
INFO:orchestrator_test:[TXN:1bbaf107-925a-4c01-bd2a-bcd2db2ad9f0] 
Data products DataFrame empty: False
INFO:orchestrator_test:[TXN:1bbaf107-925a-4c01-bd2a-bcd2db2ad9f0] 
Data products DataFrame shape: (2, 4)
INFO:orchestrator_test:[TXN:1bbaf107-925a-4c01-bd2a-bcd2db2ad9f0] 
Data products columns: ['product_id', 'primary_table', 'description', 
'governance_level']
WARNING:orchestrator_test:[TXN:1bbaf107-925a-4c01-bd2a-bcd2db2ad9f0] 
Product metadata not found in registry: fi_customer_transactions_view
INFO:orchestrator_test:[TXN:1bbaf107-925a-4c01-bd2a-bcd2db2ad9f0] 
Truncated SQL at JSON marker
INFO:orchestrator_test:[TXN:1bbaf107-925a-4c01-bd2a-bcd2db2ad9f0] 
Cleaned SQL: SELECT \"Customer ID\
INFO:orchestrator_test:[TXN:1bbaf107-925a-4c01-bd2a-bcd2db2ad9f0] 
Cleaned SQL: SELECT "Customer ID\
INFO:orchestrator_test:[TXN:1bbaf107-925a-4c01-bd2a-bcd2db2ad9f0] 
Final SQL after cleaning: SELECT "Customer ID\
INFO:orchestrator_test:[TXN:1bbaf107-925a-4c01-bd2a-bcd2db2ad9f0] 
Executing SQL: SELECT "Customer ID\
INFO:orchestrator_test:[TXN:1bbaf107-925a-4c01-bd2a-bcd2db2ad9f0] SQL 
type: <class 'str'>
INFO:orchestrator_test:[TXN:1bbaf107-925a-4c01-bd2a-bcd2db2ad9f0] SQL 
length: 20
ERROR:orchestrator_test:[TXN:1bbaf107-925a-4c01-bd2a-bcd2db2ad9f0] 
Error in _execute_sql_async: Parser Error: unterminated quoted 
identifier at or near ""Customer ID\"
ERROR:orchestrator_test:[TXN:1bbaf107-925a-4c01-bd2a-bcd2db2ad9f0] 
Error executing SQL for data product: Parser Error: unterminated 
quoted identifier at or near ""Customer ID\"
Traceback (most recent call last):
  File "C:\Users\barry\CascadeProjects\Agent9-HERMES\src\agents\a9_dat
a_product_mcp_service_agent.py", line 1685, in get_data_product
    result_df = await self._execute_sql_async(sql, transaction_id)
                ^^^^^^^^^^^^^^^^^^^^^^^^^^^^^^^^^^^^^^^^^^^^^^^^^^
  File "C:\Users\barry\CascadeProjects\Agent9-HERMES\src\agents\a9_dat
a_product_mcp_service_agent.py", line 1502, in _execute_sql_async
    result = await loop.run_in_executor(
             ^^^^^^^^^^^^^^^^^^^^^^^^^^^
  File "C:\Users\barry\AppData\Local\Programs\Python\Python311\Lib\con
current\futures\thread.py", line 58, in run
    result = self.fn(*self.args, **self.kwargs)
             ^^^^^^^^^^^^^^^^^^^^^^^^^^^^^^^^^^
  File "C:\Users\barry\CascadeProjects\Agent9-HERMES\src\agents\a9_dat
a_product_mcp_service_agent.py", line 1504, in <lambda>
    lambda: self.duckdb_conn.execute(sql).fetchdf()
            ^^^^^^^^^^^^^^^^^^^^^^^^^^^^^
duckdb.duckdb.ParserException: Parser Error: unterminated quoted 
identifier at or near ""Customer ID\"

ERROR:orchestrator_test:[ORCHESTRATOR] Data product execution failed: 
<bound method DataProductResponse.error of <class 
'src.agents.a9_data_product_mcp_service_agent.DataProductResponse'>>
INFO:orchestrator_test:[ORCHESTRATOR] Starting workflow for query: 
What were the total sales by customer type last year?
INFO:orchestrator_test:[ORCHESTRATOR] Sending SQL generation request 
to LLM Service Agent
INFO:src.agents.a9_llm_service_agent:LLM request: generate_sql using 
gpt-4-turbo
INFO:src.llm_services.openai_service:Request req_20250806200015: 
Sending prompt to gpt-4-turbo
INFO:httpx:HTTP Request: POST 
https://api.openai.com/v1/chat/completions "HTTP/1.1 200 OK"
INFO:src.llm_services.openai_service:Request req_20250806200015: 
Received response from gpt-4-turbo
INFO:src.agents.a9_llm_service_agent:Successfully generated response 
via OpenAI service with model gpt-4-turbo
INFO:orchestrator_test:[ORCHESTRATOR] SQL generated: SELECT 
\"Customer Type ID\", SUM(\"Transaction Value Amount\") AS 
total_sales FROM fi_sales_by_customer_type_view WHERE EXTRACT(year 
FROM \"Transaction Date\") = EXTRACT(year FROM CURRENT_DATE) - 1 
GROUP BY \"Customer Type ID\"",
  "confidence": 0.95,
  "warnings": [],
  "explanation": "The query selects the customer type ID and the sum 
of transaction value amounts from the 
'fi_sales_by_customer_type_view'. It filters records to only include 
transactions from the previous year, using the EXTRACT function to 
compare the transaction date year with the previous year. The results 
are grouped by customer type ID to get total sales by each customer 
type for last year."
}

INFO:orchestrator_test:[ORCHESTRATOR] Sending data product request 
with generated SQL to Data Product Agent
INFO:orchestrator_test:[TXN:ed1022c7-a060-4a91-b3cb-60ca82bbb9c3] 
Getting data product: fi_sales_by_customer_type_view with filters: 
None
INFO:orchestrator_test:[TXN:ed1022c7-a060-4a91-b3cb-60ca82bbb9c3] 
Registry status: registry=<class 'dict'>, has data_products=True
INFO:orchestrator_test:[TXN:ed1022c7-a060-4a91-b3cb-60ca82bbb9c3] 
Registry keys: ['data_products', 'kpis', 'relationships', 
'business_terms', 'views', 'schema']
INFO:orchestrator_test:[TXN:ed1022c7-a060-4a91-b3cb-60ca82bbb9c3] 
Data products DataFrame empty: False
INFO:orchestrator_test:[TXN:ed1022c7-a060-4a91-b3cb-60ca82bbb9c3] 
Data products DataFrame shape: (2, 4)
INFO:orchestrator_test:[TXN:ed1022c7-a060-4a91-b3cb-60ca82bbb9c3] 
Data products columns: ['product_id', 'primary_table', 'description', 
'governance_level']
WARNING:orchestrator_test:[TXN:ed1022c7-a060-4a91-b3cb-60ca82bbb9c3] 
Product metadata not found in registry: fi_sales_by_customer_type_view
INFO:orchestrator_test:[TXN:ed1022c7-a060-4a91-b3cb-60ca82bbb9c3] 
Truncated SQL at JSON marker
INFO:orchestrator_test:[TXN:ed1022c7-a060-4a91-b3cb-60ca82bbb9c3] 
Cleaned SQL: SELECT \"Customer Type ID\
INFO:orchestrator_test:[TXN:ed1022c7-a060-4a91-b3cb-60ca82bbb9c3] 
Cleaned SQL: SELECT "Customer Type ID\
INFO:orchestrator_test:[TXN:ed1022c7-a060-4a91-b3cb-60ca82bbb9c3] 
Final SQL after cleaning: SELECT "Customer Type ID\
INFO:orchestrator_test:[TXN:ed1022c7-a060-4a91-b3cb-60ca82bbb9c3] 
Executing SQL: SELECT "Customer Type ID\
INFO:orchestrator_test:[TXN:ed1022c7-a060-4a91-b3cb-60ca82bbb9c3] SQL 
type: <class 'str'>
INFO:orchestrator_test:[TXN:ed1022c7-a060-4a91-b3cb-60ca82bbb9c3] SQL 
length: 25
ERROR:orchestrator_test:[TXN:ed1022c7-a060-4a91-b3cb-60ca82bbb9c3] 
Error in _execute_sql_async: Parser Error: unterminated quoted 
identifier at or near ""Customer Type ID\"
ERROR:orchestrator_test:[TXN:ed1022c7-a060-4a91-b3cb-60ca82bbb9c3] 
Error executing SQL for data product: Parser Error: unterminated 
quoted identifier at or near ""Customer Type ID\"
Traceback (most recent call last):
  File "C:\Users\barry\CascadeProjects\Agent9-HERMES\src\agents\a9_dat
a_product_mcp_service_agent.py", line 1685, in get_data_product
    result_df = await self._execute_sql_async(sql, transaction_id)
                ^^^^^^^^^^^^^^^^^^^^^^^^^^^^^^^^^^^^^^^^^^^^^^^^^^
  File "C:\Users\barry\CascadeProjects\Agent9-HERMES\src\agents\a9_dat
a_product_mcp_service_agent.py", line 1502, in _execute_sql_async
    result = await loop.run_in_executor(
             ^^^^^^^^^^^^^^^^^^^^^^^^^^^
  File "C:\Users\barry\AppData\Local\Programs\Python\Python311\Lib\con
current\futures\thread.py", line 58, in run
    result = self.fn(*self.args, **self.kwargs)
             ^^^^^^^^^^^^^^^^^^^^^^^^^^^^^^^^^^
  File "C:\Users\barry\CascadeProjects\Agent9-HERMES\src\agents\a9_dat
a_product_mcp_service_agent.py", line 1504, in <lambda>
    lambda: self.duckdb_conn.execute(sql).fetchdf()
            ^^^^^^^^^^^^^^^^^^^^^^^^^^^^^
duckdb.duckdb.ParserException: Parser Error: unterminated quoted 
identifier at or near ""Customer Type ID\"

ERROR:orchestrator_test:[ORCHESTRATOR] Data product execution failed: 
<bound method DataProductResponse.error of <class 
'src.agents.a9_data_product_mcp_service_agent.DataProductResponse'>>
INFO:orchestrator_test:[ORCHESTRATOR] Starting workflow for query: 
List all financial transactions over $10,000
INFO:orchestrator_test:[ORCHESTRATOR] Sending SQL generation request 
to LLM Service Agent
INFO:src.agents.a9_llm_service_agent:LLM request: generate_sql using 
gpt-4-turbo
INFO:src.llm_services.openai_service:Request req_20250806200019: 
Sending prompt to gpt-4-turbo
INFO:httpx:HTTP Request: POST 
https://api.openai.com/v1/chat/completions "HTTP/1.1 200 OK"
INFO:src.llm_services.openai_service:Request req_20250806200019: 
Received response from gpt-4-turbo
INFO:src.agents.a9_llm_service_agent:Successfully generated response 
via OpenAI service with model gpt-4-turbo
INFO:orchestrator_test:[ORCHESTRATOR] SQL generated: SELECT * FROM 
fi_financial_transactions_view WHERE \"Transaction Value Amount\" > 
10000",
  "confidence": 0.95,
  "warnings": [],
  "explanation": "The query selects all columns from the 
'fi_financial_transactions_view' where the 'Transaction Value Amount' 
exceeds $10,000. This straightforward selection criteria ensures that 
only financial transactions over $10,000 are listed, in line with the 
natural language request."
}

INFO:orchestrator_test:[ORCHESTRATOR] Sending data product request 
with generated SQL to Data Product Agent
INFO:orchestrator_test:[TXN:748c74f9-431c-4cff-8f9b-d3228c1035d4] 
Getting data product: fi_financial_transactions_view with filters: 
None
INFO:orchestrator_test:[TXN:748c74f9-431c-4cff-8f9b-d3228c1035d4] 
Registry status: registry=<class 'dict'>, has data_products=True
INFO:orchestrator_test:[TXN:748c74f9-431c-4cff-8f9b-d3228c1035d4] 
Registry keys: ['data_products', 'kpis', 'relationships', 
'business_terms', 'views', 'schema']
INFO:orchestrator_test:[TXN:748c74f9-431c-4cff-8f9b-d3228c1035d4] 
Data products DataFrame empty: False
INFO:orchestrator_test:[TXN:748c74f9-431c-4cff-8f9b-d3228c1035d4] 
Data products DataFrame shape: (2, 4)
INFO:orchestrator_test:[TXN:748c74f9-431c-4cff-8f9b-d3228c1035d4] 
Data products columns: ['product_id', 'primary_table', 'description', 
'governance_level']
WARNING:orchestrator_test:[TXN:748c74f9-431c-4cff-8f9b-d3228c1035d4] 
Product metadata not found in registry: fi_financial_transactions_view
INFO:orchestrator_test:[TXN:748c74f9-431c-4cff-8f9b-d3228c1035d4] 
Truncated SQL at JSON marker
INFO:orchestrator_test:[TXN:748c74f9-431c-4cff-8f9b-d3228c1035d4] 
Cleaned SQL: SELECT * FROM fi_financial_transactions_view WHERE 
\"Transaction Value Amount\" > 10000
INFO:orchestrator_test:[TXN:748c74f9-431c-4cff-8f9b-d3228c1035d4] 
Cleaned SQL: SELECT * FROM fi_financial_transactions_view WHERE 
"Transaction Value Amount" > 10000
INFO:orchestrator_test:[TXN:748c74f9-431c-4cff-8f9b-d3228c1035d4] 
Final SQL after cleaning: SELECT * FROM 
fi_financial_transactions_view WHERE "Transaction Value Amount" > 
10000
INFO:orchestrator_test:[TXN:748c74f9-431c-4cff-8f9b-d3228c1035d4] 
Executing SQL: SELECT * FROM fi_financial_transactions_view WHERE 
"Transaction Value Amount" > 10000
INFO:orchestrator_test:[TXN:748c74f9-431c-4cff-8f9b-d3228c1035d4] SQL 
type: <class 'str'>
INFO:orchestrator_test:[TXN:748c74f9-431c-4cff-8f9b-d3228c1035d4] SQL 
length: 85
ERROR:orchestrator_test:[TXN:748c74f9-431c-4cff-8f9b-d3228c1035d4] 
Error in _execute_sql_async: Binder Error: Referenced column 
"Transaction Value Amount" not found in FROM clause!
Candidate bindings: "DATE"

LINE 1: SELECT * FROM fi_financial_transactions_view WHERE 
"Transaction Value Amount" > 10000
                                                           ^
ERROR:orchestrator_test:[TXN:748c74f9-431c-4cff-8f9b-d3228c1035d4] 
Error executing SQL for data product: Binder Error: Referenced column 
"Transaction Value Amount" not found in FROM clause!
Candidate bindings: "DATE"

LINE 1: SELECT * FROM fi_financial_transactions_view WHERE 
"Transaction Value Amount" > 10000
                                                           ^
Traceback (most recent call last):
  File "C:\Users\barry\CascadeProjects\Agent9-HERMES\src\agents\a9_dat
a_product_mcp_service_agent.py", line 1685, in get_data_product
    result_df = await self._execute_sql_async(sql, transaction_id)
                ^^^^^^^^^^^^^^^^^^^^^^^^^^^^^^^^^^^^^^^^^^^^^^^^^^
  File "C:\Users\barry\CascadeProjects\Agent9-HERMES\src\agents\a9_dat
a_product_mcp_service_agent.py", line 1502, in _execute_sql_async
    result = await loop.run_in_executor(
             ^^^^^^^^^^^^^^^^^^^^^^^^^^^
  File "C:\Users\barry\AppData\Local\Programs\Python\Python311\Lib\con
current\futures\thread.py", line 58, in run
    result = self.fn(*self.args, **self.kwargs)
             ^^^^^^^^^^^^^^^^^^^^^^^^^^^^^^^^^^
  File "C:\Users\barry\CascadeProjects\Agent9-HERMES\src\agents\a9_dat
a_product_mcp_service_agent.py", line 1504, in <lambda>
    lambda: self.duckdb_conn.execute(sql).fetchdf()
            ^^^^^^^^^^^^^^^^^^^^^^^^^^^^^
duckdb.duckdb.BinderException: Binder Error: Referenced column 
"Transaction Value Amount" not found in FROM clause!
Candidate bindings: "DATE"

LINE 1: SELECT * FROM fi_financial_transactions_view WHERE 
"Transaction Value Amount" > 10000
                                                           ^

ERROR:orchestrator_test:[ORCHESTRATOR] Data product execution failed: 
<bound method DataProductResponse.error of <class 
'src.agents.a9_data_product_mcp_service_agent.DataProductResponse'>>
.
----------------------------------------------------------------------
Ran 1 test in 13.518s

OK
Using OpenAI API key: sk-p************************************************************************************************************************************************************ImIA
Query failed: 'Show me the top 5 customers by transaction amount'
Error: Error executing SQL for data product: Parser Error: unterminated quoted identifier at or near ""Customer ID\"
SQL: fi_customer_transactions_view
---
Query failed: 'What were the total sales by customer type last year?'
Error: Error executing SQL for data product: Parser Error: unterminated quoted identifier at or near ""Customer Type ID\"
SQL: fi_sales_by_customer_type_view
---
Query failed: 'List all financial transactions over $10,000'
Error: Error executing SQL for data product: Binder Error: Referenced column "Transaction Value Amount" not found in FROM clause!
Candidate bindings: "DATE"

LINE 1: SELECT * FROM fi_financial_transactions_view WHERE "Transaction Value Amount" > 10000
                                                           ^
SQL: fi_financial_transactions_view
---
